{
  "analysisType": {
    "name": "variant_processing"
  },
  "studyId": "TEST-PR",
  "experiment": {
    "platform": "ILLUMINA",
    "experimental_strategy": "WGS"
  },
  "samples": [
    {
      "submitterSampleId": "COLO-829",
      "matchedNormalSubmitterSampleId": "COLO-829-BL",
      "sampleType": "Total DNA",
      "specimen": {
        "submitterSpecimenId": "COLO-829",
        "tumourNormalDesignation": "Tumour",
        "specimenTissueSource": "Blood derived",
        "specimenType": "Cell line - derived from tumour"
      },
      "donor": {
        "gender": "Female",
        "submitterDonorId": "COLO-829"
      }
    }
  ],
  "files": [
    {
      "fileName": "TEST-PR.DO250183.SA610229.wgs.20200513.sanger-wgs.somatic.snv.open-filter.vcf.gz",
      "fileType": "VCF",
      "fileSize": 23947,
      "fileMd5sum": "1ebce71c8231aeb7ac6c06c92adfd5db",
      "fileAccess": "controlled",
      "info": {
        "data_category": "Simple Nucleotide Variation",
        "analysis_tools": [
          "CaVEMan",
          "bcftools"
        ]
      },
      "dataType": "Raw SNV Calls"
    },
    {
      "fileName": "TEST-PR.DO250183.SA610229.wgs.20200513.sanger-wgs.somatic.snv.open-filter.vcf.gz.tbi",
      "fileType": "TBI",
      "fileSize": 185,
      "fileMd5sum": "7a8482dc43849a4ee8bdd4c9c77fae0c",
      "fileAccess": "controlled",
      "info": {
        "data_category": "Simple Nucleotide Variation",
        "analysis_tools": [
          "CaVEMan",
          "bcftools"
        ]
      },
      "dataType": "VCF Index"
    }
  ],
  "workflow": {
    "workflow_name": "Open Access Variant Filtering",
    "workflow_short_name": "open-filter",
    "workflow_version": "0.1.0",
    "run_id": "insane_rubens",
    "session_id": "b5dbc2b3-f915-4f56-acbb-97d31df6c1f0",
    "inputs": [
      {
        "input_analysis_id": "3414534a-47a4-492d-9453-4a47a4192d6d",
        "analysis_type": "variant_calling"
      }
    ],
    "genome_build": "GRCh38_hla_decoy_ebv"
  },
  "variant_class": "Somatic"
}