{
  "analysisType": {
    "name": "variant_calling"
  },
  "studyId": "TEST-PR",
  "experiment": {
    "platform": "ILLUMINA",
    "experimental_strategy": "WGS"
  },
  "samples": [
    {
      "submitterSampleId": "COLO-829",
      "matchedNormalSubmitterSampleId": "COLO-829-BL",
      "sampleType": "Total DNA",
      "specimen": {
        "submitterSpecimenId": "COLO-829",
        "tumourNormalDesignation": "Tumour",
        "specimenTissueSource": "Blood derived",
        "specimenType": "Cell line - derived from tumour"
      },
      "donor": {
        "gender": "Female",
        "submitterDonorId": "COLO-829"
      }
    }
  ],
  "files": [
    {
      "fileName": "TEST-PR.DO250183.SA610229.wgs.20200922.gatk-mutect2.somatic.filtered.snv.vcf.gz",
      "fileType": "VCF",
      "fileSize": 23947,
      "fileMd5sum": "1ebce71c8231aeb7ac6c06c92adfd5db",
      "fileAccess": "open",
      "info": {
        "data_category": "Simple Nucleotide Variation",
        "analysis_tools": [
          "GATK-Mutect2",
          "bcftools"
        ]
      },
      "dataType": "Raw SNV Calls"
    },
    {
      "fileName": "TEST-PR.DO250183.SA610229.wgs.20200922.gatk-mutect2.somatic.filtered.snv.vcf.gz.tbi",
      "fileType": "TBI",
      "fileSize": 185,
      "fileMd5sum": "7a8482dc43849a4ee8bdd4c9c77fae0c",
      "fileAccess": "open",
      "info": {
        "data_category": "Simple Nucleotide Variation",
        "analysis_tools": [
          "GATK-Mutect2",
          "bcftools"
        ]
      },
      "dataType": "VCF Index"
    }
  ],
  "workflow": {
    "workflow_name": "Open Access Variant Filtering",
    "workflow_short_name": "variant-filtering",
    "workflow_version": "0.1.0",
    "run_id": "nice_easley",
    "session_id": "f8271e1f-a0b8-466f-9dc0-c95bd3ec9c83",
    "inputs": [
      {
        "input_analysis_id": "ca105e4d-d16b-461c-905e-4dd16b861cc8",
        "analysis_type": "variant_calling"
      }
    ],
    "genome_build": "GRCh38_hla_decoy_ebv"
  },
  "variant_class": "Somatic"
}